// Jest Snapshot v1, https://goo.gl/fbAQLP

exports[`Date Publication test renders a DatePublication component with Sunday Times publication and Relevant date 1`] = `"July 01 2017, 03:32pm, The Sunday Times"`;

exports[`Date Publication test renders a DatePublication component with Times publication and Relevant date 1`] = `"July 01 2017, 03:32pm, The Times"`;
